<html>
<head>
<!--
  -- The contents of this file are subject to the Netscape Public
  -- License Version 1.1 (the "License"); you may not use this file
  -- except in compliance with the License. You may obtain a copy of
  -- the License at http://www.mozilla.org/NPL/
  --  
  -- Software distributed under the License is distributed on an "AS
  -- IS" basis, WITHOUT WARRANTY OF ANY KIND, either express or
  -- implied. See the License for the specific language governing
  -- rights and limitations under the License.
  --  
  -- The Original Code is Mozilla Communicator client code, released
  -- March 31, 1998.
  -- 
  -- The Initial Developer of the Original Code is Netscape
  -- Communications Corporation. Portions created by Netscape are
  -- Copyright (C) 1998-1999 Netscape Communications Corporation. All
  -- Rights Reserved.
  -- 
  -- Contributor(s): 
  -->

<title>XIF Test Page</title>

<meta http-equiv="Content-Type" content="text/html; charset=utf-8"></head>

<body>
<h2>Here's the deal...</h2>

<p>This is a good place to add in <b>html</b> to aid in testing features 
under development.
&lt;a href="http://www.mozilla.org"&gt;
It's also a great place to not use latin.
<!-- This is a comment;
     Here is more of the comment.
 -->

</p></body>
</html>
